--------------------------------------------------------------------------------------
Timing Analyzer Summary
--------------------------------------------------------------------------------------

Type           : Worst-case tsu
Slack          : N/A
Required Time  : None
Actual Time    : 3.647 ns
From           : Start
To             : UA:inst1|inst17
From Clock     : --
To Clock       : Clock
Failed Paths   : 0

Type           : Worst-case tco
Slack          : N/A
Required Time  : None
Actual Time    : 7.569 ns
From           : OA1:inst|lpm_shiftreg0:inst3|lpm_shiftreg:lpm_shiftreg_component|dffs[3]
To             : P_hi[3]
From Clock     : Clock
To Clock       : --
Failed Paths   : 0

Type           : Worst-case th
Slack          : N/A
Required Time  : None
Actual Time    : 0.219 ns
From           : Ain[0]
To             : OA1:inst|lpm_latch0:inst|lpm_latch:lpm_latch_component|latches[0]
From Clock     : --
To Clock       : Clock
Failed Paths   : 0

Type           : Clock Setup: 'Clock'
Slack          : N/A
Required Time  : None
Actual Time    : 126.29 MHz ( period = 7.918 ns )
From           : OA1:inst|lpm_latch0:inst|lpm_latch:lpm_latch_component|latches[0]
To             : OA1:inst|lpm_shiftreg0:inst3|lpm_shiftreg:lpm_shiftreg_component|dffs[3]
From Clock     : Clock
To Clock       : Clock
Failed Paths   : 0

Type           : Total number of failed paths
Slack          : 
Required Time  : 
Actual Time    : 
From           : 
To             : 
From Clock     : 
To Clock       : 
Failed Paths   : 0

--------------------------------------------------------------------------------------

